{
    "-profile test_high_conf": {
        "content": [
            {
                "BCFTOOLS_CALL": {
                    "bcftools": 1.22
                },
                "BCFTOOLS_CONCAT": {
                    "bcftools": 1.22
                },
                "BCFTOOLS_INDEX": {
                    "bcftools": 1.22
                },
                "BCFTOOLS_ISEC": {
                    "bcftools": 1.22
                },
                "BCFTOOLS_MPILEUP": {
                    "bcftools": 1.22
                },
                "BCFTOOLS_SORT": {
                    "bcftools": 1.22
                },
                "BCFTOOLS_STATS": {
                    "bcftools": 1.22
                },
                "BUILD_INTERVALS": {
                    "gawk": "5.3.1"
                },
                "BWAMEM2_INDEX": {
                    "bwamem2": "2.2.1"
                },
                "BWAMEM2_MEM": {
                    "bwamem2": "2.2.1",
                    "samtools": "1.22.1"
                },
                "FASTP": {
                    "fastp": "1.1.0"
                },
                "GATK4_ADDORREPLACEREADGROUPS": {
                    "gatk4": "4.6.2.0"
                },
                "GATK4_ANALYZECOVARIATES": {
                    "gatk4": "4.6.2.0"
                },
                "GATK4_APPLYBQSR": {
                    "gatk4": "4.6.2.0"
                },
                "GATK4_BASERECALIBRATOR": {
                    "gatk4": "4.6.2.0"
                },
                "GATK4_CREATESEQUENCEDICTIONARY": {
                    "gatk4": "4.6.2.0"
                },
                "GATK4_GATHERBQSRREPORTS": {
                    "gatk4": "4.6.2.0"
                },
                "GATK4_GENOMICSDBIMPORT": {
                    "gatk4": "4.6.2.0"
                },
                "GATK4_GENOTYPEGVCFS": {
                    "gatk4": "4.6.2.0"
                },
                "GATK4_HAPLOTYPECALLER": {
                    "gatk4": "4.6.2.0"
                },
                "GATK4_MARKDUPLICATES": {
                    "gatk4": "4.6.2.0",
                    "samtools": 1.21
                },
                "GATK4_MERGEVCFS": {
                    "gatk4": "4.6.2.0"
                },
                "GUNZIP": {
                    "gunzip": 1.13
                },
                "MOSDEPTH": {
                    "mosdepth": "0.3.11"
                },
                "PRESEQ_CCURVE": {
                    "preseq": "3.2.0"
                },
                "SAMTOOLS_CONVERT": {
                    "samtools": "1.23.1"
                },
                "SAMTOOLS_FAIDX": {
                    "samtools": "1.23.1"
                },
                "SAMTOOLS_INDEX": {
                    "samtools": "1.23.1"
                },
                "SAMTOOLS_MERGE": {
                    "samtools": "1.23.1"
                },
                "SAMTOOLS_STATS": {
                    "samtools": "1.23.1"
                },
                "VCFTOOLS_THIN": {
                    "vcftools": "0.1.16"
                },
                "Workflow": {
                    "nf-core/genomicrelatedness": "v1.0.0dev"
                }
            },
            [
                "genome.bed:md5,8261ee872c985e021eda590b97f36da6",
                "interval_1.bed:md5,5c5437235fe8a13560cfc88f04f7c2b6",
                "interval_2.bed:md5,da04b99e424d9cc1f1721a6b38db2fd3",
                "WT_REP1_A_RGID1_R1.fastp.fastq.gz:md5,4a32ead7f5ac1f5b1059e4239529033b",
                "WT_REP1_A_RGID1_R2.fastp.fastq.gz:md5,255e4699951a714279cc1fb7c5bc9580",
                "WT_REP1_B_RGID2_R1.fastp.fastq.gz:md5,4d4e8d3371f2beced98964f8eb284184",
                "WT_REP1_B_RGID2_R2.fastp.fastq.gz:md5,1c8ab24ebca28933d800366a58576761",
                "WT_REP2_C_RGID1_R1.fastp.fastq.gz:md5,74953ef463b25bd8bdbb774d44d2c3d4",
                "WT_REP2_C_RGID1_R2.fastp.fastq.gz:md5,534c4c91def95053378318a0f1ee4d5e",
                "genome.fasta.0123:md5,8fef53cfd6a59fc348dc1eeef099fd2c",
                "genome.fasta.amb:md5,fdf44d27fc933100024e62c9ca63ef90",
                "genome.fasta.ann:md5,07c3b7eab2cec1d4a025e73ffb9e4ff4",
                "genome.fasta.bwt.2bit.64:md5,40fd109ede948e5339605261b9ce17d2",
                "genome.fasta.pac:md5,efa6a6851a259e029a8ca89b501b4ccf",
                "genome.dict:md5,c3db96450757c418fdd8f4e11b941964",
                "genome.fasta:md5,e050100d0a9a7d06a8accf8424ad0d98",
                "genome.fasta.fai:md5,2cd76d936cbfa386b14154506c2041b2",
                "README.txt:md5,9dc1a4ad7cc770ddc79f8fc0bcbc5d1d"
            ],
            [
                "bqsr",
                "bqsr/WT_REP1.table",
                "bqsr/WT_REP1_I1.table",
                "bqsr/WT_REP1_I2.table",
                "bqsr/WT_REP2.table",
                "bqsr/WT_REP2_I1.table",
                "bqsr/WT_REP2_I2.table",
                "bqsr/cram",
                "bqsr/cram/WT_REP1_I1.cram",
                "bqsr/cram/WT_REP1_I2.cram",
                "bqsr/cram/WT_REP2_I1.cram",
                "bqsr/cram/WT_REP2_I2.cram",
                "bqsr/cram/merged",
                "bqsr/cram/merged/WT_REP1_recalibrated.cram",
                "bqsr/cram/merged/WT_REP1_recalibrated.cram.crai",
                "bqsr/cram/merged/WT_REP2_recalibrated.cram",
                "bqsr/cram/merged/WT_REP2_recalibrated.cram.crai",
                "bqsr/qc",
                "bqsr/qc/WT_REP1.csv",
                "bqsr/qc/WT_REP1.pdf",
                "bqsr/qc/WT_REP2.csv",
                "bqsr/qc/WT_REP2.pdf",
                "bqsr/qc/second_pass_bqsr",
                "bqsr/qc/second_pass_bqsr/WT_REP1_I1_second_pass.table",
                "bqsr/qc/second_pass_bqsr/WT_REP1_I2_second_pass.table",
                "bqsr/qc/second_pass_bqsr/WT_REP1_second_pass.table",
                "bqsr/qc/second_pass_bqsr/WT_REP2_I1_second_pass.table",
                "bqsr/qc/second_pass_bqsr/WT_REP2_I2_second_pass.table",
                "bqsr/qc/second_pass_bqsr/WT_REP2_second_pass.table",
                "intervals",
                "intervals/genome.bed",
                "intervals/interval_1.bed",
                "intervals/interval_2.bed",
                "known_variants",
                "known_variants/high_conf.vcf.gz.tbi",
                "multiqc",
                "multiqc/multiqc_data",
                "multiqc/multiqc_data/bcftools-stats-subtypes.txt",
                "multiqc/multiqc_data/bcftools_stats_indel-lengths.txt",
                "multiqc/multiqc_data/bcftools_stats_variant_depths.txt",
                "multiqc/multiqc_data/bcftools_stats_vqc_Count_Indels.txt",
                "multiqc/multiqc_data/bcftools_stats_vqc_Count_SNP.txt",
                "multiqc/multiqc_data/bcftools_stats_vqc_Count_Transitions.txt",
                "multiqc/multiqc_data/bcftools_stats_vqc_Count_Transversions.txt",
                "multiqc/multiqc_data/fastp-insert-size-plot.txt",
                "multiqc/multiqc_data/fastp-seq-content-gc-plot_Read_1_After_filtering.txt",
                "multiqc/multiqc_data/fastp-seq-content-gc-plot_Read_1_Before_filtering.txt",
                "multiqc/multiqc_data/fastp-seq-content-gc-plot_Read_2_After_filtering.txt",
                "multiqc/multiqc_data/fastp-seq-content-gc-plot_Read_2_Before_filtering.txt",
                "multiqc/multiqc_data/fastp-seq-content-n-plot_Read_1_After_filtering.txt",
                "multiqc/multiqc_data/fastp-seq-content-n-plot_Read_1_Before_filtering.txt",
                "multiqc/multiqc_data/fastp-seq-content-n-plot_Read_2_After_filtering.txt",
                "multiqc/multiqc_data/fastp-seq-content-n-plot_Read_2_Before_filtering.txt",
                "multiqc/multiqc_data/fastp-seq-quality-plot_Read_1_After_filtering.txt",
                "multiqc/multiqc_data/fastp-seq-quality-plot_Read_1_Before_filtering.txt",
                "multiqc/multiqc_data/fastp-seq-quality-plot_Read_2_After_filtering.txt",
                "multiqc/multiqc_data/fastp-seq-quality-plot_Read_2_Before_filtering.txt",
                "multiqc/multiqc_data/fastp_filtered_reads_plot.txt",
                "multiqc/multiqc_data/llms-full.txt",
                "multiqc/multiqc_data/mosdepth-coverage-per-contig-single.txt",
                "multiqc/multiqc_data/mosdepth-cumcoverage-dist-id.txt",
                "multiqc/multiqc_data/mosdepth_cov_dist.txt",
                "multiqc/multiqc_data/mosdepth_cumcov_dist.txt",
                "multiqc/multiqc_data/mosdepth_perchrom.txt",
                "multiqc/multiqc_data/multiqc.log",
                "multiqc/multiqc_data/multiqc.parquet",
                "multiqc/multiqc_data/multiqc_bcftools_stats.txt",
                "multiqc/multiqc_data/multiqc_citations.txt",
                "multiqc/multiqc_data/multiqc_data.json",
                "multiqc/multiqc_data/multiqc_fastp.txt",
                "multiqc/multiqc_data/multiqc_general_stats.txt",
                "multiqc/multiqc_data/multiqc_picard_dups.txt",
                "multiqc/multiqc_data/multiqc_samtools_stats.txt",
                "multiqc/multiqc_data/multiqc_software_versions.txt",
                "multiqc/multiqc_data/multiqc_sources.txt",
                "multiqc/multiqc_data/picard_MarkIlluminaAdapters_histogram.txt",
                "multiqc/multiqc_data/picard_MeanQualityByCycle_histogram.txt",
                "multiqc/multiqc_data/picard_MeanQualityByCycle_histogram_1.txt",
                "multiqc/multiqc_data/picard_QualityScoreDistribution_histogram.txt",
                "multiqc/multiqc_data/picard_deduplication.txt",
                "multiqc/multiqc_data/preseq.txt",
                "multiqc/multiqc_data/preseq_complexity_plot_molecules.txt",
                "multiqc/multiqc_data/samtools-stats-dp.txt",
                "multiqc/multiqc_data/samtools_alignment_plot.txt",
                "multiqc/multiqc_plots",
                "multiqc/multiqc_plots/pdf",
                "multiqc/multiqc_plots/pdf/bcftools-stats-subtypes-cnt.pdf",
                "multiqc/multiqc_plots/pdf/bcftools-stats-subtypes-pct.pdf",
                "multiqc/multiqc_plots/pdf/bcftools_stats_indel-lengths-cnt.pdf",
                "multiqc/multiqc_plots/pdf/bcftools_stats_indel-lengths-log.pdf",
                "multiqc/multiqc_plots/pdf/bcftools_stats_variant_depths.pdf",
                "multiqc/multiqc_plots/pdf/bcftools_stats_vqc_Count_Indels.pdf",
                "multiqc/multiqc_plots/pdf/bcftools_stats_vqc_Count_SNP.pdf",
                "multiqc/multiqc_plots/pdf/bcftools_stats_vqc_Count_Transitions.pdf",
                "multiqc/multiqc_plots/pdf/bcftools_stats_vqc_Count_Transversions.pdf",
                "multiqc/multiqc_plots/pdf/fastp-insert-size-plot.pdf",
                "multiqc/multiqc_plots/pdf/fastp-seq-content-gc-plot_Read_1_After_filtering.pdf",
                "multiqc/multiqc_plots/pdf/fastp-seq-content-gc-plot_Read_1_Before_filtering.pdf",
                "multiqc/multiqc_plots/pdf/fastp-seq-content-gc-plot_Read_2_After_filtering.pdf",
                "multiqc/multiqc_plots/pdf/fastp-seq-content-gc-plot_Read_2_Before_filtering.pdf",
                "multiqc/multiqc_plots/pdf/fastp-seq-content-n-plot_Read_1_After_filtering.pdf",
                "multiqc/multiqc_plots/pdf/fastp-seq-content-n-plot_Read_1_Before_filtering.pdf",
                "multiqc/multiqc_plots/pdf/fastp-seq-content-n-plot_Read_2_After_filtering.pdf",
                "multiqc/multiqc_plots/pdf/fastp-seq-content-n-plot_Read_2_Before_filtering.pdf",
                "multiqc/multiqc_plots/pdf/fastp-seq-quality-plot_Read_1_After_filtering.pdf",
                "multiqc/multiqc_plots/pdf/fastp-seq-quality-plot_Read_1_Before_filtering.pdf",
                "multiqc/multiqc_plots/pdf/fastp-seq-quality-plot_Read_2_After_filtering.pdf",
                "multiqc/multiqc_plots/pdf/fastp-seq-quality-plot_Read_2_Before_filtering.pdf",
                "multiqc/multiqc_plots/pdf/fastp_filtered_reads_plot-cnt.pdf",
                "multiqc/multiqc_plots/pdf/fastp_filtered_reads_plot-pct.pdf",
                "multiqc/multiqc_plots/pdf/mosdepth-coverage-per-contig-single-cnt.pdf",
                "multiqc/multiqc_plots/pdf/mosdepth-coverage-per-contig-single-pct.pdf",
                "multiqc/multiqc_plots/pdf/mosdepth-cumcoverage-dist-id.pdf",
                "multiqc/multiqc_plots/pdf/picard_deduplication-cnt.pdf",
                "multiqc/multiqc_plots/pdf/picard_deduplication-pct.pdf",
                "multiqc/multiqc_plots/pdf/preseq_complexity_plot_molecules.pdf",
                "multiqc/multiqc_plots/pdf/samtools-stats-dp.pdf",
                "multiqc/multiqc_plots/pdf/samtools_alignment_plot-cnt.pdf",
                "multiqc/multiqc_plots/pdf/samtools_alignment_plot-pct.pdf",
                "multiqc/multiqc_plots/png",
                "multiqc/multiqc_plots/png/bcftools-stats-subtypes-cnt.png",
                "multiqc/multiqc_plots/png/bcftools-stats-subtypes-pct.png",
                "multiqc/multiqc_plots/png/bcftools_stats_indel-lengths-cnt.png",
                "multiqc/multiqc_plots/png/bcftools_stats_indel-lengths-log.png",
                "multiqc/multiqc_plots/png/bcftools_stats_variant_depths.png",
                "multiqc/multiqc_plots/png/bcftools_stats_vqc_Count_Indels.png",
                "multiqc/multiqc_plots/png/bcftools_stats_vqc_Count_SNP.png",
                "multiqc/multiqc_plots/png/bcftools_stats_vqc_Count_Transitions.png",
                "multiqc/multiqc_plots/png/bcftools_stats_vqc_Count_Transversions.png",
                "multiqc/multiqc_plots/png/fastp-insert-size-plot.png",
                "multiqc/multiqc_plots/png/fastp-seq-content-gc-plot_Read_1_After_filtering.png",
                "multiqc/multiqc_plots/png/fastp-seq-content-gc-plot_Read_1_Before_filtering.png",
                "multiqc/multiqc_plots/png/fastp-seq-content-gc-plot_Read_2_After_filtering.png",
                "multiqc/multiqc_plots/png/fastp-seq-content-gc-plot_Read_2_Before_filtering.png",
                "multiqc/multiqc_plots/png/fastp-seq-content-n-plot_Read_1_After_filtering.png",
                "multiqc/multiqc_plots/png/fastp-seq-content-n-plot_Read_1_Before_filtering.png",
                "multiqc/multiqc_plots/png/fastp-seq-content-n-plot_Read_2_After_filtering.png",
                "multiqc/multiqc_plots/png/fastp-seq-content-n-plot_Read_2_Before_filtering.png",
                "multiqc/multiqc_plots/png/fastp-seq-quality-plot_Read_1_After_filtering.png",
                "multiqc/multiqc_plots/png/fastp-seq-quality-plot_Read_1_Before_filtering.png",
                "multiqc/multiqc_plots/png/fastp-seq-quality-plot_Read_2_After_filtering.png",
                "multiqc/multiqc_plots/png/fastp-seq-quality-plot_Read_2_Before_filtering.png",
                "multiqc/multiqc_plots/png/fastp_filtered_reads_plot-cnt.png",
                "multiqc/multiqc_plots/png/fastp_filtered_reads_plot-pct.png",
                "multiqc/multiqc_plots/png/mosdepth-coverage-per-contig-single-cnt.png",
                "multiqc/multiqc_plots/png/mosdepth-coverage-per-contig-single-pct.png",
                "multiqc/multiqc_plots/png/mosdepth-cumcoverage-dist-id.png",
                "multiqc/multiqc_plots/png/picard_deduplication-cnt.png",
                "multiqc/multiqc_plots/png/picard_deduplication-pct.png",
                "multiqc/multiqc_plots/png/preseq_complexity_plot_molecules.png",
                "multiqc/multiqc_plots/png/samtools-stats-dp.png",
                "multiqc/multiqc_plots/png/samtools_alignment_plot-cnt.png",
                "multiqc/multiqc_plots/png/samtools_alignment_plot-pct.png",
                "multiqc/multiqc_plots/svg",
                "multiqc/multiqc_plots/svg/bcftools-stats-subtypes-cnt.svg",
                "multiqc/multiqc_plots/svg/bcftools-stats-subtypes-pct.svg",
                "multiqc/multiqc_plots/svg/bcftools_stats_indel-lengths-cnt.svg",
                "multiqc/multiqc_plots/svg/bcftools_stats_indel-lengths-log.svg",
                "multiqc/multiqc_plots/svg/bcftools_stats_variant_depths.svg",
                "multiqc/multiqc_plots/svg/bcftools_stats_vqc_Count_Indels.svg",
                "multiqc/multiqc_plots/svg/bcftools_stats_vqc_Count_SNP.svg",
                "multiqc/multiqc_plots/svg/bcftools_stats_vqc_Count_Transitions.svg",
                "multiqc/multiqc_plots/svg/bcftools_stats_vqc_Count_Transversions.svg",
                "multiqc/multiqc_plots/svg/fastp-insert-size-plot.svg",
                "multiqc/multiqc_plots/svg/fastp-seq-content-gc-plot_Read_1_After_filtering.svg",
                "multiqc/multiqc_plots/svg/fastp-seq-content-gc-plot_Read_1_Before_filtering.svg",
                "multiqc/multiqc_plots/svg/fastp-seq-content-gc-plot_Read_2_After_filtering.svg",
                "multiqc/multiqc_plots/svg/fastp-seq-content-gc-plot_Read_2_Before_filtering.svg",
                "multiqc/multiqc_plots/svg/fastp-seq-content-n-plot_Read_1_After_filtering.svg",
                "multiqc/multiqc_plots/svg/fastp-seq-content-n-plot_Read_1_Before_filtering.svg",
                "multiqc/multiqc_plots/svg/fastp-seq-content-n-plot_Read_2_After_filtering.svg",
                "multiqc/multiqc_plots/svg/fastp-seq-content-n-plot_Read_2_Before_filtering.svg",
                "multiqc/multiqc_plots/svg/fastp-seq-quality-plot_Read_1_After_filtering.svg",
                "multiqc/multiqc_plots/svg/fastp-seq-quality-plot_Read_1_Before_filtering.svg",
                "multiqc/multiqc_plots/svg/fastp-seq-quality-plot_Read_2_After_filtering.svg",
                "multiqc/multiqc_plots/svg/fastp-seq-quality-plot_Read_2_Before_filtering.svg",
                "multiqc/multiqc_plots/svg/fastp_filtered_reads_plot-cnt.svg",
                "multiqc/multiqc_plots/svg/fastp_filtered_reads_plot-pct.svg",
                "multiqc/multiqc_plots/svg/mosdepth-coverage-per-contig-single-cnt.svg",
                "multiqc/multiqc_plots/svg/mosdepth-coverage-per-contig-single-pct.svg",
                "multiqc/multiqc_plots/svg/mosdepth-cumcoverage-dist-id.svg",
                "multiqc/multiqc_plots/svg/picard_deduplication-cnt.svg",
                "multiqc/multiqc_plots/svg/picard_deduplication-pct.svg",
                "multiqc/multiqc_plots/svg/preseq_complexity_plot_molecules.svg",
                "multiqc/multiqc_plots/svg/samtools-stats-dp.svg",
                "multiqc/multiqc_plots/svg/samtools_alignment_plot-cnt.svg",
                "multiqc/multiqc_plots/svg/samtools_alignment_plot-pct.svg",
                "multiqc/multiqc_report.html",
                "pipeline_info",
                "pipeline_info/nf_core_genomicrelatedness_software_mqc_versions.yml",
                "preprocessing",
                "preprocessing/alignment",
                "preprocessing/alignment/bam",
                "preprocessing/alignment/bam/bwamem2",
                "preprocessing/alignment/bam/bwamem2/WT_REP1_A_RGID1.bam",
                "preprocessing/alignment/bam/bwamem2/WT_REP1_B_RGID2.bam",
                "preprocessing/alignment/bam/bwamem2/WT_REP2_C_RGID1.bam",
                "preprocessing/alignment/cram",
                "preprocessing/alignment/cram/WT_REP1.markdup.cram",
                "preprocessing/alignment/cram/WT_REP1.markdup.cram.crai",
                "preprocessing/alignment/cram/WT_REP1.markdup.cram.metrics",
                "preprocessing/alignment/cram/WT_REP2.markdup.cram",
                "preprocessing/alignment/cram/WT_REP2.markdup.cram.crai",
                "preprocessing/alignment/cram/WT_REP2.markdup.cram.metrics",
                "preprocessing/coverage",
                "preprocessing/coverage/WT_REP1.mosdepth.global.dist.txt",
                "preprocessing/coverage/WT_REP1.mosdepth.summary.txt",
                "preprocessing/coverage/WT_REP2.mosdepth.global.dist.txt",
                "preprocessing/coverage/WT_REP2.mosdepth.summary.txt",
                "preprocessing/fastp",
                "preprocessing/fastp/WT_REP1_A_RGID1.fastp.html",
                "preprocessing/fastp/WT_REP1_A_RGID1.fastp.json",
                "preprocessing/fastp/WT_REP1_A_RGID1.fastp.log",
                "preprocessing/fastp/WT_REP1_A_RGID1_R1.fastp.fastq.gz",
                "preprocessing/fastp/WT_REP1_A_RGID1_R2.fastp.fastq.gz",
                "preprocessing/fastp/WT_REP1_B_RGID2.fastp.html",
                "preprocessing/fastp/WT_REP1_B_RGID2.fastp.json",
                "preprocessing/fastp/WT_REP1_B_RGID2.fastp.log",
                "preprocessing/fastp/WT_REP1_B_RGID2_R1.fastp.fastq.gz",
                "preprocessing/fastp/WT_REP1_B_RGID2_R2.fastp.fastq.gz",
                "preprocessing/fastp/WT_REP2_C_RGID1.fastp.html",
                "preprocessing/fastp/WT_REP2_C_RGID1.fastp.json",
                "preprocessing/fastp/WT_REP2_C_RGID1.fastp.log",
                "preprocessing/fastp/WT_REP2_C_RGID1_R1.fastp.fastq.gz",
                "preprocessing/fastp/WT_REP2_C_RGID1_R2.fastp.fastq.gz",
                "preprocessing/preseq",
                "preprocessing/stats",
                "preprocessing/stats/WT_REP1.stats",
                "preprocessing/stats/WT_REP2.stats",
                "reference_genome",
                "reference_genome/bwamem2",
                "reference_genome/bwamem2/genome.fasta.0123",
                "reference_genome/bwamem2/genome.fasta.amb",
                "reference_genome/bwamem2/genome.fasta.ann",
                "reference_genome/bwamem2/genome.fasta.bwt.2bit.64",
                "reference_genome/bwamem2/genome.fasta.pac",
                "reference_genome/genome.dict",
                "reference_genome/genome.fasta",
                "reference_genome/genome.fasta.fai",
                "relatedness_estimation",
                "relatedness_estimation/intersection",
                "relatedness_estimation/intersection/0000.vcf",
                "relatedness_estimation/intersection/0001.vcf",
                "relatedness_estimation/intersection/0002.vcf",
                "relatedness_estimation/intersection/0003.vcf",
                "relatedness_estimation/intersection/README.txt",
                "relatedness_estimation/intersection/sites.txt",
                "relatedness_estimation/thinned",
                "relatedness_estimation/thinned/called_variants_thinned.recode.vcf",
                "variant_calling",
                "variant_calling/bcftools",
                "variant_calling/bcftools/I1.called.vcf.gz",
                "variant_calling/bcftools/I1.called.vcf.gz.tbi",
                "variant_calling/bcftools/I1.mpileup.vcf.gz",
                "variant_calling/bcftools/I2.called.vcf.gz",
                "variant_calling/bcftools/I2.called.vcf.gz.tbi",
                "variant_calling/bcftools/I2.mpileup.vcf.gz",
                "variant_calling/bcftools/bam",
                "variant_calling/bcftools/bam/WT_REP1.bam",
                "variant_calling/bcftools/bam/WT_REP2.bam",
                "variant_calling/bcftools/merged",
                "variant_calling/bcftools/merged/called_variants.bcftools.vcf.gz",
                "variant_calling/bcftools/merged/called_variants.bcftools.vcf.gz.tbi",
                "variant_calling/gatk",
                "variant_calling/gatk/I1_joint.sorted.vcf.gz",
                "variant_calling/gatk/I1_joint.vcf.gz",
                "variant_calling/gatk/I1_joint.vcf.gz.tbi",
                "variant_calling/gatk/I2_joint.sorted.vcf.gz",
                "variant_calling/gatk/I2_joint.vcf.gz",
                "variant_calling/gatk/I2_joint.vcf.gz.tbi",
                "variant_calling/gatk/WT_REP1_I1_gatk.vcf.gz",
                "variant_calling/gatk/WT_REP1_I1_gatk.vcf.gz.tbi",
                "variant_calling/gatk/WT_REP1_I2_gatk.vcf.gz",
                "variant_calling/gatk/WT_REP1_I2_gatk.vcf.gz.tbi",
                "variant_calling/gatk/WT_REP2_I1_gatk.vcf.gz",
                "variant_calling/gatk/WT_REP2_I1_gatk.vcf.gz.tbi",
                "variant_calling/gatk/WT_REP2_I2_gatk.vcf.gz",
                "variant_calling/gatk/WT_REP2_I2_gatk.vcf.gz.tbi",
                "variant_calling/gatk/db",
                "variant_calling/gatk/db/I1_joint",
                "variant_calling/gatk/db/I2_joint",
                "variant_calling/gatk/merged",
                "variant_calling/gatk/merged/called_variants.gatk.vcf.gz",
                "variant_calling/gatk/merged/called_variants.gatk.vcf.gz.tbi",
                "variant_calling/gatk/stats",
                "variant_calling/gatk/stats/called_variants.gatk.bcftools_stats.txt"
            ]
        ],
        "timestamp": "2026-03-19T09:34:42.946284838",
        "meta": {
            "nf-test": "0.9.4",
            "nextflow": "25.10.4"
        }
    }
}